** Drc report for S-Worm_PCB_Designs.kicad_pcb **
** Created on 2026-06-19T00:59:16+0530 **

** Found 0 DRC violations **

** Found 8 unconnected pads **
[unconnected_items]: Missing connection between items
    Local override; error
    @(100.5000 mm, 49.0000 mm): Zone [GND] on F.Cu and B.Cu, priority 0
    @(100.5000 mm, 49.0000 mm): Zone [GND] on F.Cu and B.Cu, priority 0
[unconnected_items]: Missing connection between items
    Local override; error
    @(100.5000 mm, 49.0000 mm): Zone [GND] on F.Cu and B.Cu, priority 0
    @(100.5000 mm, 49.0000 mm): Zone [GND] on F.Cu and B.Cu, priority 0
[unconnected_items]: Missing connection between items
    Local override; error
    @(100.5000 mm, 49.0000 mm): Zone [GND] on F.Cu and B.Cu, priority 0
    @(100.5000 mm, 49.0000 mm): Zone [GND] on F.Cu and B.Cu, priority 0
[unconnected_items]: Missing connection between items
    Local override; error
    @(100.5000 mm, 49.0000 mm): Zone [GND] on F.Cu and B.Cu, priority 0
    @(100.5000 mm, 49.0000 mm): Zone [GND] on F.Cu and B.Cu, priority 0
[unconnected_items]: Missing connection between items
    Local override; error
    @(100.5000 mm, 49.0000 mm): Zone [GND] on F.Cu and B.Cu, priority 0
    @(100.5000 mm, 49.0000 mm): Zone [GND] on F.Cu and B.Cu, priority 0
[unconnected_items]: Missing connection between items
    Local override; error
    @(100.5000 mm, 49.0000 mm): Zone [GND] on F.Cu and B.Cu, priority 0
    @(100.5000 mm, 49.0000 mm): Zone [GND] on F.Cu and B.Cu, priority 0
[unconnected_items]: Missing connection between items
    Local override; error
    @(100.5000 mm, 49.0000 mm): Zone [GND] on F.Cu and B.Cu, priority 0
    @(100.5000 mm, 49.0000 mm): Zone [GND] on F.Cu and B.Cu, priority 0
[unconnected_items]: Missing connection between items
    Local override; error
    @(100.5000 mm, 49.0000 mm): Zone [GND] on F.Cu and B.Cu, priority 0
    @(100.5000 mm, 49.0000 mm): Zone [GND] on F.Cu and B.Cu, priority 0

** Found 0 Footprint errors **

** End of Report **
